// Jest Snapshot v1, https://goo.gl/fbAQLP

exports[`decorateTab when invalid 1`] = `
<StyledTab
  label={
    <React.Fragment>
      <div
        style={
          Object {
            "verticalAlign": "middle",
          }
        }
      >
        <ErrorIcon
          fontSize="inherit"
          style={
            Object {
              "color": "red",
            }
          }
        />
      </div>
       
      My Label
       
    </React.Fragment>
  }
/>
`;

exports[`decorateTab when valid 1`] = `
<StyledTab
  label="My Label"
/>
`;
